// Vitest Snapshot v1, https://vitest.dev/guide/snapshot.html

exports[`Components: UserCard > should match snapshot 1`] = `
<div>
  <div
    class="sc-bczSft lgVgBH"
  >
    <img
      class="sc-gsnScm ginXVy"
      src="https://i.kym-cdn.com/entries/icons/original/000/042/690/Screen_Shot_2022-11-16_at_2.24.03_PM.jpg"
    />
    <h3
      class="sc-dkzCjb gHZaNP"
    >
      Gandalf
    </h3>
  </div>
</div>
`;
